"{\"status\": \"FAILED\", \"errorCode\": \"InvalidRequest\", \"message\": \"\", \"callbackContext\": {}, \"callbackDelayMinutes\": 0, \"resourceModel\": {\"TPSCode\": null, \"Title\": \"abc\", \"CoverSheetIncluded\": null, \"DueDate\": \"29-08-1978 00:00\", \"ApprovalDate\": null, \"Memo\": null, \"SecondCopyOfMemo\": null, \"TestCode\": null, \"Authors\": null}}"