"{\"status\": \"FAILED\", \"errorCode\": \"NetworkFailure\", \"message\": \"NetworkFailure: \", \"callbackContext\": {}, \"callbackDelayMinutes\": 0, \"resourceModel\": {\"TPSCode\": null, \"Title\": null, \"CoverSheetIncluded\": null, \"DueDate\": null, \"ApprovalDate\": null, \"Memo\": null, \"SecondCopyOfMemo\": null, \"TestCode\": null, \"Authors\": null}}"
